/Users/voidfun/Project/Fourier-Project/ad-apple/scripts/build-model.py:15: DeprecationWarning: 'Material.use_nodes' is expected to be removed in Blender 6.0
  m.use_nodes = True
INFO Draco mesh compression is available, use library at /Applications/Blender.app/Contents/Resources/5.1/scripts/addons_core/io_scene_gltf2/libextern_draco.dylib
17:13:43 | INFO: Starting glTF 2.0 export
17:13:43 | INFO: Extracting primitive: Aluminium enclosure
17:13:43 | INFO: Primitives created: 1
17:13:43 | INFO: Extracting primitive: Underside foot
17:13:43 | INFO: Primitives created: 1
17:13:43 | INFO: Extracting primitive: Recessed thermal sole
17:13:43 | INFO: Primitives created: 1
17:13:43 | INFO: Extracting primitive: Front USB-C 1 metal lip
17:13:43 | INFO: Primitives created: 1
17:13:43 | INFO: Extracting primitive: Front USB-C 1 black cavity
17:13:43 | INFO: Primitives created: 1
17:13:43 | INFO: Extracting primitive: Front USB-C 1 tongue
17:13:43 | INFO: Primitives created: 1
17:13:43 | INFO: Extracting primitive: Front USB-C 2 metal lip
17:13:43 | INFO: Primitives created: 1
17:13:43 | INFO: Extracting primitive: Front USB-C 2 black cavity
17:13:43 | INFO: Primitives created: 1
17:13:43 | INFO: Extracting primitive: Front USB-C 2 tongue
17:13:43 | INFO: Primitives created: 1
17:13:43 | INFO: Extracting primitive: Cylinder
17:13:43 | INFO: Primitives created: 1
17:13:43 | INFO: Extracting primitive: Cylinder.001
17:13:43 | INFO: Primitives created: 1
17:13:43 | INFO: Extracting primitive: Cylinder.002
17:13:43 | INFO: Primitives created: 1
17:13:43 | INFO: Extracting primitive: Thunderbolt 4 1 metal lip
17:13:43 | INFO: Primitives created: 1
17:13:43 | INFO: Extracting primitive: Thunderbolt 4 1 black cavity
17:13:43 | INFO: Primitives created: 1
17:13:43 | INFO: Extracting primitive: Thunderbolt 4 1 tongue
17:13:43 | INFO: Primitives created: 1
17:13:43 | INFO: Extracting primitive: Thunderbolt 4 2 metal lip
17:13:43 | INFO: Primitives created: 1
17:13:43 | INFO: Extracting primitive: Thunderbolt 4 2 black cavity
17:13:43 | INFO: Primitives created: 1
17:13:43 | INFO: Extracting primitive: Thunderbolt 4 2 tongue
17:13:43 | INFO: Primitives created: 1
17:13:43 | INFO: Extracting primitive: Thunderbolt 4 3 metal lip
17:13:43 | INFO: Primitives created: 1
17:13:43 | INFO: Extracting primitive: Thunderbolt 4 3 black cavity
17:13:43 | INFO: Primitives created: 1
17:13:43 | INFO: Extracting primitive: Thunderbolt 4 3 tongue
17:13:43 | INFO: Primitives created: 1
17:13:43 | INFO: Extracting primitive: HDMI metal lip
17:13:43 | INFO: Primitives created: 1
17:13:43 | INFO: Extracting primitive: HDMI black cavity
17:13:43 | INFO: Primitives created: 1
17:13:43 | INFO: Extracting primitive: HDMI tongue
17:13:43 | INFO: Primitives created: 1
17:13:43 | INFO: Extracting primitive: 2.5Gb Ethernet metal lip
17:13:43 | INFO: Primitives created: 1
17:13:43 | INFO: Extracting primitive: 2.5Gb Ethernet black cavity
17:13:43 | INFO: Primitives created: 1
17:13:43 | INFO: Extracting primitive: 2.5Gb Ethernet tongue
17:13:43 | INFO: Primitives created: 1
17:13:43 | INFO: Extracting primitive: Power socket metal lip
17:13:43 | INFO: Primitives created: 1
17:13:43 | INFO: Extracting primitive: Power socket black cavity
17:13:43 | INFO: Primitives created: 1
17:13:43 | INFO: Extracting primitive: Power socket tongue
17:13:43 | INFO: Primitives created: 1
17:13:43 | INFO: Extracting primitive: Cylinder.003
17:13:43 | INFO: Primitives created: 1
17:13:43 | INFO: Extracting primitive: Cylinder.004
17:13:43 | INFO: Primitives created: 1
17:13:43 | INFO: Extracting primitive: Foot vent
17:13:43 | INFO: Primitives created: 1
17:13:43 | INFO: Extracting primitive: Foot vent.001
17:13:43 | INFO: Primitives created: 1
17:13:43 | INFO: Extracting primitive: Foot vent.002
17:13:43 | INFO: Primitives created: 1
17:13:43 | INFO: Extracting primitive: Foot vent.003
17:13:43 | INFO: Primitives created: 1
17:13:43 | INFO: Extracting primitive: Foot vent.004
17:13:43 | INFO: Primitives created: 1
17:13:43 | INFO: Extracting primitive: Foot vent.005
17:13:43 | INFO: Primitives created: 1
17:13:43 | INFO: Extracting primitive: Foot vent.006
17:13:43 | INFO: Primitives created: 1
17:13:43 | INFO: Extracting primitive: Foot vent.007
17:13:43 | INFO: Primitives created: 1
17:13:43 | INFO: Extracting primitive: Foot vent.008
17:13:43 | INFO: Primitives created: 1
17:13:43 | INFO: Extracting primitive: Foot vent.009
17:13:43 | INFO: Primitives created: 1
17:13:43 | INFO: Extracting primitive: Foot vent.010
17:13:43 | INFO: Primitives created: 1
17:13:43 | INFO: Extracting primitive: Foot vent.011
17:13:43 | INFO: Primitives created: 1
17:13:43 | INFO: Extracting primitive: Foot vent.012
17:13:43 | INFO: Primitives created: 1
17:13:43 | INFO: Extracting primitive: Foot vent.013
17:13:43 | INFO: Primitives created: 1
17:13:43 | INFO: Extracting primitive: Foot vent.014
17:13:43 | INFO: Primitives created: 1
17:13:43 | INFO: Extracting primitive: Foot vent.015
17:13:43 | INFO: Primitives created: 1
17:13:43 | INFO: Extracting primitive: Foot vent.016
17:13:43 | INFO: Primitives created: 1
17:13:43 | INFO: Extracting primitive: Foot vent.017
17:13:43 | INFO: Primitives created: 1
17:13:43 | INFO: Extracting primitive: Foot vent.018
17:13:43 | INFO: Primitives created: 1
17:13:43 | INFO: Extracting primitive: Foot vent.019
17:13:43 | INFO: Primitives created: 1
17:13:43 | INFO: Extracting primitive: Foot vent.020
17:13:43 | INFO: Primitives created: 1
17:13:43 | INFO: Extracting primitive: Foot vent.021
17:13:43 | INFO: Primitives created: 1
17:13:43 | INFO: Extracting primitive: Foot vent.022
17:13:43 | INFO: Primitives created: 1
17:13:43 | INFO: Extracting primitive: Foot vent.023
17:13:43 | INFO: Primitives created: 1
17:13:43 | INFO: Extracting primitive: Foot vent.024
17:13:43 | INFO: Primitives created: 1
17:13:43 | INFO: Extracting primitive: Foot vent.025
17:13:43 | INFO: Primitives created: 1
17:13:43 | INFO: Extracting primitive: Foot vent.026
17:13:43 | INFO: Primitives created: 1
17:13:43 | INFO: Extracting primitive: Foot vent.027
17:13:43 | INFO: Primitives created: 1
17:13:43 | INFO: Extracting primitive: Foot vent.028
17:13:43 | INFO: Primitives created: 1
17:13:43 | INFO: Extracting primitive: Foot vent.029
17:13:43 | INFO: Primitives created: 1
17:13:43 | INFO: Extracting primitive: Foot vent.030
17:13:43 | INFO: Primitives created: 1
17:13:43 | INFO: Extracting primitive: Foot vent.031
17:13:43 | INFO: Primitives created: 1
17:13:43 | INFO: Extracting primitive: Foot vent.032
17:13:43 | INFO: Primitives created: 1
17:13:43 | INFO: Extracting primitive: Foot vent.033
17:13:43 | INFO: Primitives created: 1
17:13:43 | INFO: Extracting primitive: Foot vent.034
17:13:43 | INFO: Primitives created: 1
17:13:43 | INFO: Extracting primitive: Foot vent.035
17:13:43 | INFO: Primitives created: 1
17:13:43 | INFO: Extracting primitive: Foot vent.036
17:13:43 | INFO: Primitives created: 1
17:13:43 | INFO: Extracting primitive: Foot vent.037
17:13:43 | INFO: Primitives created: 1
17:13:43 | INFO: Extracting primitive: Foot vent.038
17:13:43 | INFO: Primitives created: 1
17:13:43 | INFO: Extracting primitive: Foot vent.039
17:13:43 | INFO: Primitives created: 1
17:13:43 | INFO: Extracting primitive: Foot vent.040
17:13:43 | INFO: Primitives created: 1
17:13:43 | INFO: Extracting primitive: Foot vent.041
17:13:43 | INFO: Primitives created: 1
17:13:43 | INFO: Extracting primitive: Foot vent.042
17:13:43 | INFO: Primitives created: 1
17:13:43 | INFO: Extracting primitive: Foot vent.043
17:13:43 | INFO: Primitives created: 1
17:13:43 | INFO: Extracting primitive: Foot vent.044
17:13:43 | INFO: Primitives created: 1
17:13:43 | INFO: Extracting primitive: Foot vent.045
17:13:43 | INFO: Primitives created: 1
17:13:43 | INFO: Extracting primitive: Foot vent.046
17:13:43 | INFO: Primitives created: 1
17:13:43 | INFO: Extracting primitive: Foot vent.047
17:13:43 | INFO: Primitives created: 1
17:13:43 | INFO: Extracting primitive: Foot vent.048
17:13:43 | INFO: Primitives created: 1
17:13:43 | INFO: Extracting primitive: Foot vent.049
17:13:43 | INFO: Primitives created: 1
17:13:43 | INFO: Extracting primitive: Foot vent.050
17:13:43 | INFO: Primitives created: 1
17:13:43 | INFO: Extracting primitive: Foot vent.051
17:13:44 | INFO: Primitives created: 1
17:13:44 | INFO: Extracting primitive: Foot vent.052
17:13:44 | INFO: Primitives created: 1
17:13:44 | INFO: Extracting primitive: Foot vent.053
17:13:44 | INFO: Primitives created: 1
17:13:44 | INFO: Extracting primitive: Foot vent.054
17:13:44 | INFO: Primitives created: 1
17:13:44 | INFO: Extracting primitive: Foot vent.055
17:13:44 | INFO: Primitives created: 1
17:13:44 | INFO: Extracting primitive: Foot vent.056
17:13:44 | INFO: Primitives created: 1
17:13:44 | INFO: Extracting primitive: Foot vent.057
17:13:44 | INFO: Primitives created: 1
17:13:44 | INFO: Extracting primitive: Foot vent.058
17:13:44 | INFO: Primitives created: 1
17:13:44 | INFO: Extracting primitive: Foot vent.059
17:13:44 | INFO: Primitives created: 1
17:13:44 | INFO: Extracting primitive: Foot vent.060
17:13:44 | INFO: Primitives created: 1
17:13:44 | INFO: Extracting primitive: Foot vent.061
17:13:44 | INFO: Primitives created: 1
17:13:44 | INFO: Extracting primitive: Foot vent.062
17:13:44 | INFO: Primitives created: 1
17:13:44 | INFO: Extracting primitive: Foot vent.063
17:13:44 | INFO: Primitives created: 1
17:13:44 | INFO: Extracting primitive: Foot vent.064
17:13:44 | INFO: Primitives created: 1
17:13:44 | INFO: Extracting primitive: Foot vent.065
17:13:44 | INFO: Primitives created: 1
17:13:44 | INFO: Extracting primitive: Foot vent.066
17:13:44 | INFO: Primitives created: 1
17:13:44 | INFO: Extracting primitive: Foot vent.067
17:13:44 | INFO: Primitives created: 1
17:13:44 | INFO: Extracting primitive: Foot vent.068
17:13:44 | INFO: Primitives created: 1
17:13:44 | INFO: Extracting primitive: Foot vent.069
17:13:44 | INFO: Primitives created: 1
17:13:44 | INFO: Extracting primitive: Foot vent.070
17:13:44 | INFO: Primitives created: 1
17:13:44 | INFO: Extracting primitive: Foot vent.071
17:13:44 | INFO: Primitives created: 1
17:13:44 | INFO: Extracting primitive: Foot vent.072
17:13:44 | INFO: Primitives created: 1
17:13:44 | INFO: Extracting primitive: Foot vent.073
17:13:44 | INFO: Primitives created: 1
17:13:44 | INFO: Extracting primitive: Foot vent.074
17:13:44 | INFO: Primitives created: 1
17:13:44 | INFO: Extracting primitive: Foot vent.075
17:13:44 | INFO: Primitives created: 1
17:13:44 | INFO: Extracting primitive: Foot vent.076
17:13:44 | INFO: Primitives created: 1
17:13:44 | INFO: Extracting primitive: Foot vent.077
17:13:44 | INFO: Primitives created: 1
17:13:44 | INFO: Extracting primitive: Foot vent.078
17:13:44 | INFO: Primitives created: 1
17:13:44 | INFO: Extracting primitive: Foot vent.079
17:13:44 | INFO: Primitives created: 1
17:13:44 | INFO: Extracting primitive: Foot vent.080
17:13:44 | INFO: Primitives created: 1
17:13:44 | INFO: Extracting primitive: Foot vent.081
17:13:44 | INFO: Primitives created: 1
17:13:44 | INFO: Extracting primitive: Foot vent.082
17:13:44 | INFO: Primitives created: 1
17:13:44 | INFO: Extracting primitive: Foot vent.083
17:13:44 | INFO: Primitives created: 1
17:13:44 | INFO: Extracting primitive: Foot vent.084
17:13:44 | INFO: Primitives created: 1
17:13:44 | INFO: Extracting primitive: Foot vent.085
17:13:44 | INFO: Primitives created: 1
17:13:44 | INFO: Extracting primitive: Foot vent.086
17:13:44 | INFO: Primitives created: 1
17:13:44 | INFO: Extracting primitive: Foot vent.087
17:13:44 | INFO: Primitives created: 1
17:13:44 | INFO: Extracting primitive: Foot vent.088
17:13:44 | INFO: Primitives created: 1
17:13:44 | INFO: Extracting primitive: Foot vent.089
17:13:44 | INFO: Primitives created: 1
17:13:44 | INFO: Extracting primitive: Foot vent.090
17:13:44 | INFO: Primitives created: 1
17:13:44 | INFO: Extracting primitive: Foot vent.091
17:13:44 | INFO: Primitives created: 1
17:13:44 | INFO: Extracting primitive: Foot vent.092
17:13:44 | INFO: Primitives created: 1
17:13:44 | INFO: Extracting primitive: Foot vent.093
17:13:44 | INFO: Primitives created: 1
17:13:44 | INFO: Extracting primitive: Cylinder.005
17:13:44 | INFO: Primitives created: 1
17:13:44 | INFO: Extracting primitive: Cylinder.006
17:13:44 | INFO: Primitives created: 1
17:13:44 | INFO: Extracting primitive: Text
17:13:44 | INFO: Primitives created: 1
17:13:44 | INFO: Finished glTF 2.0 export in 0.09259390830993652 s

Info: Saved as "mac-mini-m6.blend"
MODEL_READY /Users/voidfun/Project/Fourier-Project/ad-apple/assets/model/mac-mini-m6.glb 129 meshes
Blender 5.1.2 (hash ec6e62d40fa9 built 2026-05-19 01:30:33)

Blender quit
