MESH awEGmRdxpGlDlmQ 234 190 loc [0.0, 0.0, 0.0] dims [0.003111798781901598, 0.010082249529659748, 0.0030031774658709764] bounds [[-0.03795, -0.05715, 0.0172], [-0.03483, -0.06016, 0.02728]] materials ['TUKZJsLLhSqCkLN']
MESH bqjkVeiQBMAuIvX 234 190 loc [0.0, 0.0, 0.0] dims [0.003111798781901598, 0.010082249529659748, 0.0030031774658709764] bounds [[-0.02328, -0.05715, 0.0172], [-0.02017, -0.06016, 0.02728]] materials ['TUKZJsLLhSqCkLN']
MESH bStUTwzWJJOznpX 12423 9812 loc [0.0, 0.0, 0.0] dims [0.11135019361972809, 0.0072720907628536224, 0.11139758676290512] bounds [[-0.05568, 0.0557, 0.00052], [0.05568, -0.0557, 0.00779]] materials ['enXbUNGcOqvQpyR']
MESH cdWJBmiaFpwOKxt 136 122 loc [0.0, 0.0, 0.0] dims [0.001200227765366435, 0.006691825110465288, 0.0016196488868445158] bounds [[-0.02232, -0.05715, 0.01889], [-0.02112, -0.05877, 0.02559]] materials ['TUKZJsLLhSqCkLN']
MESH CsFmvMEZAtRNEWA 170 162 loc [0.0, 0.0, 0.0] dims [0.03175267577171326, 1.6212463549436507e-07, 0.03902818635106087] bounds [[-0.01567, 0.0228, 0.04951], [0.01608, -0.01622, 0.04951]] materials ['VgSAQOOrgoQudFl']
MESH dbhxqdfQqxUFHIV 232 180 loc [0.0, 0.0, 0.0] dims [0.00630347291007638, 0.0011879646917805076, 0.0019348525675013661] bounds [[-0.01201, 0.06003, 0.0191], [-0.00571, 0.05809, 0.02029]] materials ['LhOskPDHGdyoBPG']
MESH DbKeFrLgkWGpiOR 480 476 loc [0.0, 0.0, 0.0] dims [0.0008645415073260665, 0.003873286070302129, 0.006303400732576847] bounds [[0.03465, -0.05613, 0.02031], [0.03551, -0.06244, 0.02418]] materials ['LuPnrYUZmeMeeIo']
MESH dBOMwMKJLABlLME 1642 1516 loc [0.0, 0.0, 0.0] dims [0.0007003831560723484, 0.006058193277567625, 0.002229242352768779] bounds [[-0.0406, 0.061, 0.01921], [-0.0399, 0.05877, 0.02527]] materials ['kkaCOpdsAuLneLm']
MESH dFRQiWtptPVvcue 304 190 loc [0.0, 0.0, 0.0] dims [0.009454500861465931, 0.0010063243098556995, 0.0057304189540445805] bounds [[-0.01359, 0.05894, 0.02174], [-0.00413, 0.05321, 0.02275]] materials ['LhOskPDHGdyoBPG']
MESH dHmJzrzbLYkStJe 205 190 loc [0.0, 0.0, 0.0] dims [0.0035868126433342695, 0.0020176053512841463, 1.907348590179936e-08] bounds [[0.00807, 0.06359, 0.03045], [0.01166, 0.06359, 0.03247]] materials ['uwTsufTiFYtddWZ']
MESH DJIbhHcNqpkHzwn 128 100 loc [0.0, 0.0, 0.0] dims [0.0006503772456198931, 0.009868812747299671, 0.001952004386112094] bounds [[-0.03207, 0.06151, 0.01731], [-0.03142, 0.05956, 0.02718]] materials ['qVIuRjYIDlzSTPI']
MESH eIvRaEbOEPbffVW 1178 1132 loc [0.0, 0.0, 0.0] dims [0.014890453778207302, 0.012465246953070164, 0.01228767354041338] bounds [[0.00242, 0.06036, 0.01547], [0.01731, 0.04807, 0.02794]] materials ['GprMtJMeXUhdTRW']
MESH enePuQpwVlMVziI 1642 1516 loc [0.0, 0.0, 0.0] dims [0.0007003831560723484, 0.006058193277567625, 0.002229247009381652] bounds [[-0.02207, -0.05877, 0.01921], [-0.02137, -0.061, 0.02527]] materials ['kkaCOpdsAuLneLm']
MESH fpPmCYrujYsiPkx 160 80 loc [0.0, 0.0, 0.0] dims [0.010806326754391193, 0.0006491547683253884, 0.010810370557010174] bounds [[-0.05247, 0.05249, 0.0065], [-0.04166, 0.04168, 0.00715]] materials ['enXbUNGcOqvQpyR']
MESH gEcYPEKrVEZGzzK 234 190 loc [0.0, 0.0, 0.0] dims [0.003111798781901598, 0.010082249529659748, 0.0030031681526452303] bounds [[-0.0248, 0.06016, 0.0172], [-0.02169, 0.05715, 0.02728]] materials ['TUKZJsLLhSqCkLN']
MESH gTDVRtehCZLzuNv 336 278 loc [0.0, 0.0, 0.0] dims [0.0006512021645903587, 0.006647876463830471, 0.002834806451573968] bounds [[-0.03672, -0.05877, 0.01892], [-0.03606, -0.06161, 0.02556]] materials ['kkaCOpdsAuLneLm']
MESH hvQEmGoCDaxSjRg 1642 1516 loc [0.0, 0.0, 0.0] dims [0.0007003831560723484, 0.006058193277567625, 0.002229247009381652] bounds [[-0.03674, -0.05877, 0.01921], [-0.03604, -0.061, 0.02527]] materials ['kkaCOpdsAuLneLm']
MESH IByvJGHqsMkhctq 299 340 loc [0.0, 0.0, 0.0] dims [0.12128980457782745, 0.04694131389260292, 0.12029656022787094] bounds [[-0.06065, 0.05958, 0.00101], [0.06064, -0.06071, 0.04795]] materials ['VDvZwoOkjRrusOI']
MESH IdVqbhwEfVkHkMD 455 250 loc [0.0, 0.0, 0.0] dims [0.021192103624343872, 0.008493817411363125, 0.12711657583713531] bounds [[-0.04158, 0.06356, 0.01799], [-0.02039, -0.06356, 0.02649]] materials ['PrwTYkoBeXrJRHC']
MESH iSNoNZcAZntLMez 128 100 loc [0.0, 0.0, 0.0] dims [0.0006503772456198931, 0.009868812747299671, 0.001952004386112094] bounds [[-0.03672, -0.05956, 0.01731], [-0.03606, -0.06152, 0.02718]] materials ['qVIuRjYIDlzSTPI']
MESH jFVGNqhgdtMrKjp 1128 974 loc [0.0, 0.0, 0.0] dims [0.12705610692501068, 0.04301172122359276, 0.12711752951145172] bounds [[-0.06353, 0.06356, 0.0065], [0.06353, -0.06356, 0.04951]] materials ['XNcIRxmAkBccCvr']
MESH jpgLunnZbxUzlXU 54 29 loc [0.0, 0.0, 0.0] dims [0.0011075591901317239, 0.002640349790453911, 9.999274880101439e-06] bounds [[-0.0323, 0.06356, 0.03036], [-0.03119, 0.06355, 0.033]] materials ['uwTsufTiFYtddWZ']
MESH jueGvkZsneDEOgo 336 278 loc [0.0, 0.0, 0.0] dims [0.0006512021645903587, 0.006647876463830471, 0.002834806451573968] bounds [[-0.02205, -0.05877, 0.01892], [-0.0214, -0.06161, 0.02556]] materials ['kkaCOpdsAuLneLm']
MESH KKzPUxZQmDEuYtz 184 124 loc [0.0, 0.0, 0.0] dims [0.012410437688231468, 0.0011785972164943814, 0.0019231557380408049] bounds [[-0.01506, 0.06003, 0.0191], [-0.00265, 0.0581, 0.02028]] materials ['LhOskPDHGdyoBPG']
MESH kpaLqQvWiXjhyxi 128 100 loc [0.0, 0.0, 0.0] dims [0.0006503772456198931, 0.009868812747299671, 0.001952004386112094] bounds [[-0.04058, 0.06151, 0.01731], [-0.03993, 0.05956, 0.02718]] materials ['qVIuRjYIDlzSTPI']
MESH KUXgGEwFDDUaNOm 136 122 loc [0.0, 0.0, 0.0] dims [0.001200227765366435, 0.006691825110465288, 0.0016196488868445158] bounds [[-0.03699, -0.05715, 0.01889], [-0.03579, -0.05877, 0.02559]] materials ['TUKZJsLLhSqCkLN']
MESH LhkvJyVVGIarYgt 234 190 loc [0.0, 0.0, 0.0] dims [0.0031118011102080345, 0.010082249529659748, 0.0030031681526452303] bounds [[-0.0333, 0.06016, 0.0172], [-0.03019, 0.05715, 0.02728]] materials ['TUKZJsLLhSqCkLN']
MESH lKAqMFVsfFTePPn 162 160 loc [0.0, 0.0, 0.0] dims [0.012672335840761662, 0.0022226034197956324, 0.0022240495309233665] bounds [[0.00353, 0.05641, 0.01955], [0.0162, 0.05419, 0.02178]] materials ['LuPnrYUZmeMeeIo']
MESH LWKweVjYnNsnYOq 128 100 loc [0.0, 0.0, 0.0] dims [0.0006503796321339905, 0.009868812747299671, 0.001952004386112094] bounds [[-0.02357, 0.06151, 0.01731], [-0.02292, 0.05956, 0.02718]] materials ['qVIuRjYIDlzSTPI']
MESH NagMnzbZnwVCsUQ 686 362 loc [0.0, 0.0, 0.0] dims [0.0006999874021857977, 0.0066953301429748535, 0.00238440977409482] bounds [[-0.0321, 0.06116, 0.01889], [-0.0314, 0.05877, 0.02559]] materials ['qVIuRjYIDlzSTPI']
MESH NSIYUnWzVKBbqgR 321 320 loc [0.0, 0.0, 0.0] dims [0.010584387928247452, 0.0003855061368085444, 0.01058744452893734] bounds [[-0.05236, 0.05238, 0.00641], [-0.04177, 0.04179, 0.00679]] materials ['AeCrpVLtBKipayc']
MESH NWRIQXpZVDMEuaT 240 160 loc [0.0, 0.0, 0.0] dims [0.011445021256804466, 0.0005991398938931525, 0.011449308134615421] bounds [[-0.05279, 0.05281, 0.0065], [-0.04134, 0.04136, 0.0071]] materials ['enXbUNGcOqvQpyR']
MESH otlgELWfiivGGuc 686 362 loc [0.0, 0.0, 0.0] dims [0.0006999850156717002, 0.0066953301429748535, 0.00238440977409482] bounds [[-0.02359, 0.06116, 0.01889], [-0.02289, 0.05877, 0.02559]] materials ['qVIuRjYIDlzSTPI']
MESH PEqAcBBpcAkegSd 1642 1516 loc [0.0, 0.0, 0.0] dims [0.0007003831560723484, 0.006058193277567625, 0.002229242352768779] bounds [[-0.0321, 0.061, 0.01921], [-0.0314, 0.05877, 0.02527]] materials ['kkaCOpdsAuLneLm']
MESH pGQCHXyndsfVISX 33 32 loc [0.0, 0.0, 0.0] dims [0.0015978431329131126, 0.0015979098388925195, 0.0] bounds [[0.02311, -0.06357, 0.02144], [0.02471, -0.06357, 0.02304]] materials ['yhcYzCYcdukFglx']
MESH pLIBxYhikmjgkTo 28 27 loc [0.0, 0.0, 0.0] dims [0.09639714658260345, 0.0, 0.09627054631710052] bounds [[-0.0482, 0.04797, 0.0004], [0.0482, -0.0483, 0.0004]] materials ['VDvZwoOkjRrusOI']
MESH POFRHzUaMKVYOtM 234 191 loc [0.0, 0.0, 0.0] dims [0.0031372045632451773, 0.010082249529659748, 0.0027439354453235865] bounds [[-0.04181, 0.0599, 0.0172], [-0.03867, 0.05715, 0.02728]] materials ['TUKZJsLLhSqCkLN']
MESH PpyNvesGmNECjGZ 150 126 loc [0.0, 0.0, 0.0] dims [0.004853842779994011, 0.001161289168521762, 0.0019394492264837027]/tmp/ad-apple-inspect-usdz.py:9: DeprecationWarning: 'Material.use_nodes' is expected to be removed in Blender 6.0
  print('MAT',m.name,[(n.name,n.type, [(i.name,list(i.default_value) if hasattr(i.default_value,'__len__') and not isinstance(i.default_value,str) else i.default_value) for i in n.inputs if hasattr(i,'default_value') and i.name in ['Base Color','Metallic','Roughness','Alpha']]) for n in m.node_tree.nodes] if m.use_nodes else 'none')
 bounds [[-0.01128, 0.06003, 0.02422], [-0.00643, 0.05809, 0.02538]] materials ['LhOskPDHGdyoBPG']
MESH PQcAxUOhWImUmnC 72 45 loc [0.0, 0.0, 0.0] dims [0.0843898206949234, 0.013398269191384315, 0.12520736455917358] bounds [[-0.04272, 0.06268, 0.01535], [0.04167, -0.06252, 0.02875]] materials ['VDvZwoOkjRrusOI']
MESH rgwHuwZDpgIZVpi 602 550 loc [0.0, 0.0, 0.0] dims [0.020183835178613663, 0.011927132494747639, 0.009908895008265972] bounds [[0.02138, 0.06356, 0.01628], [0.04157, 0.05365, 0.0282]] materials ['GprMtJMeXUhdTRW']
MESH rkGPMlqzoTunXyc 2084 1648 loc [0.0, 0.0, 0.0] dims [0.007593977730721235, 0.004747633822262287, 0.008161535486578941] bounds [[0.00606, 0.05721, 0.01573], [0.01365, 0.04905, 0.02047]] materials ['LhOskPDHGdyoBPG']
MESH rMHtcvhlJhIrFkE 341 327 loc [0.0, 0.0, 0.0] dims [0.12705610692501068, 4.5299529460862686e-07, 0.12711744010448456] bounds [[-0.06353, 0.06356, 0.04951], [0.06353, -0.06356, 0.04951]] materials ['XNcIRxmAkBccCvr']
MESH rUpFxcowhmDQZoj 18 10 loc [0.0, 0.0, 0.0] dims [0.006344348657876253, 0.006122527178376913, 0.006447319872677326] bounds [[0.00669, 0.05422, 0.02148], [0.01304, 0.04777, 0.02761]] materials ['GprMtJMeXUhdTRW']
MESH RYwlKYlgDJmODjl 536 268 loc [0.0, 0.0, 0.0] dims [0.05765159800648689, 0.011953017674386501, 0.1270621418952942] bounds [[-0.01607, 0.06356, 0.01626], [0.04158, -0.0635, 0.02822]] materials ['PrwTYkoBeXrJRHC']
MESH sANJHJYGxMgtEXp 1512 1296 loc [0.0, 0.0, 0.0] dims [0.09511648118495941, 0.00019952486036345363, 0.09515203535556793] bounds [[-0.04756, 0.04758, -0.0002], [0.04756, -0.04758, -0.0]] materials ['peRjSqalvMmxpww']
MESH SbSKhgKKpghulOZ 388 320 loc [0.0, 0.0, 0.0] dims [0.015342429280281067, 0.0005320667987689376, 0.002387003740295768] bounds [[-0.01653, 0.05838, 0.02218], [-0.00119, 0.056, 0.02271]] materials ['LuPnrYUZmeMeeIo']
MESH SFWZbMVCoPvdlvW 136 122 loc [0.0, 0.0, 0.0] dims [0.001200227765366435, 0.006691825110465288, 0.001619639340788126] bounds [[-0.04085, 0.05877, 0.01889], [-0.03965, 0.05715, 0.02559]] materials ['TUKZJsLLhSqCkLN']
MESH shTkrYVYKuvIfTh 136 122 loc [0.0, 0.0, 0.0] dims [0.0012002253206446767, 0.006691825110465288, 0.001619639340788126] bounds [[-0.02384, 0.05877, 0.01889], [-0.02264, 0.05715, 0.02559]] materials ['TUKZJsLLhSqCkLN']
MESH syTpeVzFpuAOEUL 128 100 loc [0.0, 0.0, 0.0] dims [0.0006503772456198931, 0.009868812747299671, 0.001952004386112094] bounds [[-0.02205, -0.05956, 0.01731], [-0.0214, -0.06152, 0.02718]] materials ['qVIuRjYIDlzSTPI']
MESH tIaytSNBgLuRZlm 336 278 loc [0.0, 0.0, 0.0] dims [0.0006512045511044562, 0.006647876463830471, 0.002834806451573968] bounds [[-0.02357, 0.06161, 0.01892], [-0.02292, 0.05877, 0.02556]] materials ['kkaCOpdsAuLneLm']
MESH TJFYvIgzkMAsKoH 148 100 loc [0.0, 0.0, 0.0] dims [0.11070594191551208, 0.007767533417791128, 0.11233697831630707] bounds [[-0.05535, 0.05699, 0.0004], [0.05535, -0.05535, 0.00816]] materials ['VDvZwoOkjRrusOI']
MESH tNQRqVwtEyjEGPv 138 69 loc [0.0, 0.0, 0.0] dims [0.005001926328986883, 9.648322884459049e-05, 0.005145592615008354] bounds [[-0.04957, 0.04965, 0.00664], [-0.04456, 0.04451, 0.00673]] materials ['tGvQVWEwspCiKKv']
MESH TqsBWgpcrUAqODe 337 320 loc [0.0, 0.0, 0.0] dims [0.004094569478183985, 0.004093165509402752, 0.008611598052084446] bounds [[0.03373, 0.06226, 0.02019], [0.03783, 0.05365, 0.02429]] materials ['ZnZHRIqYjbXXUJi']
MESH TsDYqRCgWkUrQIg 60 30 loc [0.0, 0.0, 0.0] dims [0.004213407170027494, 0.004210691433399916, 0.000154871930135414] bounds [[0.0336, -0.06301, 0.02014], [0.03782, -0.06317, 0.02435]] materials ['VDvZwoOkjRrusOI']
MESH ULQmSAwZLQGWRcS 188 130 loc [0.0, 0.0, 0.0] dims [0.014294791035354137, 0.001161289168521762, 0.0019394492264837027] bounds [[-0.016, 0.06003, 0.02422], [-0.00171, 0.05809, 0.02538]] materials ['LhOskPDHGdyoBPG']
MESH UMHlESUvGZmxiXU 820 656 loc [0.0, 0.0, 0.0] dims [0.12705610692501068, 0.0013503724476322532, 0.12711744010448456] bounds [[-0.06353, 0.06356, 0.0065], [0.06353, -0.06356, 0.00785]] materials ['XNcIRxmAkBccCvr']
MESH UmHmqtjHduyryem 4874 3846 loc [0.0, 0.0, 0.0] dims [0.1226675882935524, 0.007251984439790249, 0.12271343916654587] bounds [[-0.06133, 0.06136, -0.0], [0.06133, -0.06136, 0.00725]] materials ['AeCrpVLtBKipayc']
MESH uMpAxznhVAHmIlJ 294 334 loc [0.0, 0.0, 0.0] dims [0.008304372429847717, 0.006477017421275377, 0.007486915215849876] bounds [[0.00571, 0.05387, 0.01623], [0.01401, 0.04639, 0.02271]] materials ['GprMtJMeXUhdTRW']
MESH UtoMbXZxLcSIftX 1204 1032 loc [0.0, 0.0, 0.0] dims [0.011288300156593323, 0.0012344717979431152, 0.004825611133128405] bounds [[-0.0145, 0.05939, 0.02162], [-0.00321, 0.05456, 0.02286]] materials ['GprMtJMeXUhdTRW']
MESH VGEmXniqmnCqYao 686 362 loc [0.0, 0.0, 0.0] dims [0.0006999874021857977, 0.0066953301429748535, 0.00238440022803843] bounds [[-0.02207, -0.05877, 0.01889], [-0.02137, -0.06116, 0.02559]] materials ['qVIuRjYIDlzSTPI']
MESH VpayQYYKsPmlXRl 276 222 loc [0.0, 0.0, 0.0] dims [0.005594151560217142, 0.0016512750880792737, 5.2452087118126656e-08] bounds [[-0.01165, 0.06359, 0.03063], [-0.00606, 0.06359, 0.03228]] materials ['uwTsufTiFYtddWZ']
MESH vrabLVLhKVqgHLw 686 362 loc [0.0, 0.0, 0.0] dims [0.0006999874021857977, 0.0066953301429748535, 0.00238440022803843] bounds [[-0.03674, -0.05877, 0.01889], [-0.03604, -0.06116, 0.02559]] materials ['qVIuRjYIDlzSTPI']
MESH vuAjnbGmcVVEoXS 1642 1516 loc [0.0, 0.0, 0.0] dims [0.0007003807695582509, 0.006058193277567625, 0.002229242352768779] bounds [[-0.02359, 0.061, 0.01921], [-0.02289, 0.05877, 0.02527]] materials ['kkaCOpdsAuLneLm']
MESH VvMLzqHMXOOsWzs 152 95 loc [0.0, 0.0, 0.0] dims [0.002975897630676627, 0.0010472226422280073, 2.293586658197455e-05] bounds [[0.02999, 0.06357, 0.03093], [0.03297, 0.06355, 0.03198]] materials ['uwTsufTiFYtddWZ']
MESH WmLmFYZItSXLOoC 32 14 loc [0.0, 0.0, 0.0] dims [0.002657153643667698, 0.0034515762235969305, 0.002104263287037611] bounds [[0.03439, -0.05129, 0.02055], [0.03705, -0.05339, 0.024]] materials ['LhOskPDHGdyoBPG']
MESH WmNOYLyNsKbnHQa 686 362 loc [0.0, 0.0, 0.0] dims [0.0006999874021857977, 0.0066953301429748535, 0.00238440977409482] bounds [[-0.0406, 0.06116, 0.01889], [-0.0399, 0.05877, 0.02559]] materials ['qVIuRjYIDlzSTPI']
MESH XCyuchjHpBelvsZ 148 120 loc [0.0, 0.0, 0.0] dims [0.003201764775440097, 0.0011785972164943814, 0.0019231557380408049] bounds [[-0.01046, 0.06003, 0.0191], [-0.00726, 0.0581, 0.02028]] materials ['LhOskPDHGdyoBPG']
MESH XgzKbUjAxLJNWsI 336 278 loc [0.0, 0.0, 0.0] dims [0.0006512021645903587, 0.006647876463830471, 0.002834806451573968] bounds [[-0.03207, 0.06161, 0.01892], [-0.03142, 0.05877, 0.02556]] materials ['kkaCOpdsAuLneLm']
MESH XXlUxhRlCYgZBMZ 220 100 loc [0.0, 0.0, 0.0] dims [0.019577063620090485, 0.01008489541709423, 0.12353470176458359] bounds [[-0.04077, 0.06177, 0.0172], [-0.0212, -0.06177, 0.02728]] materials ['PrwTYkoBeXrJRHC']
MESH YEgKKFfdjarHzFW 136 122 loc [0.0, 0.0, 0.0] dims [0.001200227765366435, 0.006691825110465288, 0.001619639340788126] bounds [[-0.03235, 0.05877, 0.01889], [-0.03115, 0.05715, 0.02559]] materials ['TUKZJsLLhSqCkLN']
MESH YpVQkHyVsMqJXNT 337 320 loc [0.0, 0.0, 0.0] dims [0.004094571806490421, 0.004093165509402752, 0.008611598052084446] bounds [[0.02513, 0.06226, 0.02019], [0.02922, 0.05365, 0.02429]] materials ['ZnZHRIqYjbXXUJi']
MESH ZqQFTGxvJywnaMC 723 708 loc [0.0, 0.0, 0.0] dims [0.004009821452200413, 0.00400821678340435, 0.0139462323859334] bounds [[0.03371, -0.04951, 0.02024], [0.03772, -0.06345, 0.02425]] materials ['FZcoXslnXPcgKcD']
MESH ZQSKpZIrRXqvncV 564 464 loc [0.0, 0.0, 0.0] dims [0.016735803335905075, 0.005526606924831867, 0.005555147770792246] bounds [[-0.01722, 0.06016, 0.01947], [-0.00049, 0.0546, 0.025]] materials ['GprMtJMeXUhdTRW']
MESH ztoVzYdnuncbUNA 336 278 loc [0.0, 0.0, 0.0] dims [0.0006512069376185536, 0.006647876463830471, 0.002834806451573968] bounds [[-0.04058, 0.06161, 0.01892], [-0.03993, 0.05877, 0.02556]] materials ['kkaCOpdsAuLneLm']
MAT AeCrpVLtBKipayc [('Principled BSDF', 'BSDF_PRINCIPLED', [('Base Color', [0.02500000037252903, 0.02500000037252903, 0.02500000037252903, 1.0]), ('Metallic', 0.0), ('Roughness', 0.5), ('Alpha', 1.0)]), ('Material Output', 'OUTPUT_MATERIAL', []), ('Separate Colour', 'SEPARATE_COLOR', []), ('Image Texture', 'TEX_IMAGE', []), ('UV Map', 'UVMAP', []), ('Normal Map', 'NORMAL_MAP', []), ('Image Texture.001', 'TEX_IMAGE', [])]
MAT Dots Stroke [('Frame', 'FRAME', []), ('Material Output', 'OUTPUT_MATERIAL', []), ('Principled BSDF', 'BSDF_PRINCIPLED', [('Base Color', [0.800000011920929, 0.800000011920929, 0.800000011920929, 1.0]), ('Metallic', 0.0), ('Roughness', 0.5), ('Alpha', 1.0)]), ('Material Output.001', 'OUTPUT_MATERIAL', []), ('Diffuse BSDF', 'BSDF_DIFFUSE', [('Roughness', 0.0)])]
MAT enXbUNGcOqvQpyR [('Principled BSDF', 'BSDF_PRINCIPLED', [('Base Color', [0.02500000037252903, 0.02500000037252903, 0.02500000037252903, 1.0]), ('Metallic', 0.0), ('Roughness', 1.0), ('Alpha', 1.0)]), ('Material Output', 'OUTPUT_MATERIAL', [])]
MAT FZcoXslnXPcgKcD [('Principled BSDF', 'BSDF_PRINCIPLED', [('Base Color', [0.040285900235176086, 0.040285900235176086, 0.040285900235176086, 1.0]), ('Metallic', 0.0), ('Roughness', 0.5), ('Alpha', 1.0)]), ('Material Output', 'OUTPUT_MATERIAL', [])]
MAT GprMtJMeXUhdTRW [('Principled BSDF', 'BSDF_PRINCIPLED', [('Base Color', [0.017999999225139618, 0.017999999225139618, 0.017999999225139618, 1.0]), ('Metallic', 0.0), ('Roughness', 0.5), ('Alpha', 1.0)]), ('Material Output', 'OUTPUT_MATERIAL', []), ('Separate Colour', 'SEPARATE_COLOR', []), ('Image Texture', 'TEX_IMAGE', []), ('UV Map', 'UVMAP', []), ('Normal Map', 'NORMAL_MAP', []), ('Image Texture.001', 'TEX_IMAGE', [])]
MAT kkaCOpdsAuLneLm [('Principled BSDF', 'BSDF_PRINCIPLED', [('Base Color', [0.040285900235176086, 0.040285900235176086, 0.040285900235176086, 1.0]), ('Metallic', 0.0), ('Roughness', 0.5), ('Alpha', 1.0)]), ('Material Output', 'OUTPUT_MATERIAL', [])]
MAT LhOskPDHGdyoBPG [('Principled BSDF', 'BSDF_PRINCIPLED', [('Base Color', [0.14334499835968018, 0.13994400203227997, 0.13300299644470215, 1.0]), ('Metallic', 1.0), ('Roughness', 0.30000001192092896), ('Alpha', 1.0)]), ('Material Output', 'OUTPUT_MATERIAL', [])]
MAT LuPnrYUZmeMeeIo [('Principled BSDF', 'BSDF_PRINCIPLED', [('Base Color', [0.30294299125671387, 0.30294299125671387, 0.30294299125671387, 1.0]), ('Metallic', 1.0), ('Roughness', 0.10000000149011612), ('Alpha', 1.0)]), ('Material Output', 'OUTPUT_MATERIAL', [])]
MAT Material [('Material Output', 'OUTPUT_MATERIAL', []), ('Principled BSDF', 'BSDF_PRINCIPLED', [('Base Color', [0.800000011920929, 0.800000011920929, 0.800000011920929, 1.0]), ('Metallic', 0.0), ('Roughness', 0.5), ('Alpha', 1.0)])]
MAT peRjSqalvMmxpww [('Principled BSDF', 'BSDF_PRINCIPLED', [('Base Color', [0.03700000047683716, 0.03700000047683716, 0.03700000047683716, 1.0]), ('Metallic', 0.0), ('Roughness', 0.6000000238418579), ('Alpha', 1.0)]), ('Material Output', 'OUTPUT_MATERIAL', []), ('Normal Map', 'NORMAL_MAP', []), ('Image Texture', 'TEX_IMAGE', []), ('UV Map', 'UVMAP', [])]
MAT PrwTYkoBeXrJRHC [('Principled BSDF', 'BSDF_PRINCIPLED', [('Base Color', [0.6612799763679504, 0.6765739917755127, 0.6920710206031799, 1.0]), ('Metallic', 0.800000011920929), ('Roughness', 0.5), ('Alpha', 1.0)]), ('Material Output', 'OUTPUT_MATERIAL', []), ('Separate Colour', 'SEPARATE_COLOR', []), ('Image Texture', 'TEX_IMAGE', []), ('UV Map', 'UVMAP', []), ('Normal Map', 'NORMAL_MAP', []), ('Image Texture.001', 'TEX_IMAGE', [])]
MAT qVIuRjYIDlzSTPI [('Principled BSDF', 'BSDF_PRINCIPLED', [('Base Color', [0.30294299125671387, 0.30294299125671387, 0.30294299125671387, 1.0]), ('Metallic', 1.0), ('Roughness', 0.5), ('Alpha', 1.0)]), ('Material Output', 'OUTPUT_MATERIAL', [])]
MAT tGvQVWEwspCiKKv [('Principled BSDF', 'BSDF_PRINCIPLED', [('Base Color', [0.3799999952316284, 0.3799999952316284, 0.3799999952316284, 1.0]), ('Metallic', 0.0), ('Roughness', 0.5), ('Alpha', 1.0)]), ('Material Output', 'OUTPUT_MATERIAL', []), ('Separate Colour', 'SEPARATE_COLOR', []), ('Image Texture', 'TEX_IMAGE', []), ('UV Map', 'UVMAP', []), ('Normal Map', 'NORMAL_MAP', []), ('Image Texture.001', 'TEX_IMAGE', [])]
MAT TUKZJsLLhSqCkLN [('Principled BSDF', 'BSDF_PRINCIPLED', [('Base Color', [0.1599999964237213, 0.1599999964237213, 0.1599999964237213, 1.0]), ('Metallic', 0.0), ('Roughness', 0.33000001311302185), ('Alpha', 1.0)]), ('Material Output', 'OUTPUT_MATERIAL', [])]
MAT uwTsufTiFYtddWZ [('Principled BSDF', 'BSDF_PRINCIPLED', [('Base Color', [0.060952700674533844, 0.060952700674533844, 0.060952700674533844, 1.0]), ('Metallic', 0.0), ('Roughness', 0.800000011920929), ('Alpha', 1.0)]), ('Material Output', 'OUTPUT_MATERIAL', [])]
MAT VDvZwoOkjRrusOI [('Principled BSDF', 'BSDF_PRINCIPLED', [('Base Color', [0.0, 0.0, 0.0, 1.0]), ('Metallic', 0.0), ('Roughness', 0.5), ('Alpha', 1.0)]), ('Material Output', 'OUTPUT_MATERIAL', [])]
MAT VgSAQOOrgoQudFl [('Principled BSDF', 'BSDF_PRINCIPLED', [('Base Color', [0.0, 0.0, 0.0, 1.0]), ('Metallic', 0.800000011920929), ('Roughness', 0.029999999329447746), ('Alpha', 1.0)]), ('Material Output', 'OUTPUT_MATERIAL', [])]
MAT XNcIRxmAkBccCvr [('Principled BSDF', 'BSDF_PRINCIPLED', [('Base Color', [0.6612799763679504, 0.6765739917755127, 0.6920710206031799, 1.0]), ('Metallic', 0.800000011920929), ('Roughness', 0.5), ('Alpha', 1.0)]), ('Material Output', 'OUTPUT_MATERIAL', []), ('Separate Colour', 'SEPARATE_COLOR', []), ('Image Texture', 'TEX_IMAGE', []), ('UV Map', 'UVMAP', []), ('Normal Map', 'NORMAL_MAP', []), ('Image Texture.001', 'TEX_IMAGE', [])]
MAT yhcYzCYcdukFglx [('Principled BSDF', 'BSDF_PRINCIPLED', [('Base Color', [0.5, 0.5, 0.5, 1.0]), ('Metallic', 0.0), ('Roughness', 0.5), ('Alpha', 1.0)]), ('Material Output', 'OUTPUT_MATERIAL', [])]
MAT ZnZHRIqYjbXXUJi [('Principled BSDF', 'BSDF_PRINCIPLED', [('Base Color', [0.6043679714202881, 0.5471339821815491, 0.48662400245666504, 1.0]), ('Metallic', 1.0), ('Roughness', 0.5), ('Alpha', 1.0)]), ('Material Output', 'OUTPUT_MATERIAL', []), ('Separate Colour', 'SEPARATE_COLOR', []), ('Image Texture', 'TEX_IMAGE', []), ('UV Map', 'UVMAP', []), ('Normal Map', 'NORMAL_MAP', []), ('Image Texture.001', 'TEX_IMAGE', [])]
TEX ATPYSTQZbfGEtyr.jpg [512, 512] /var/folders/fw/b5j0_z1919x381_z1h6hxmhh0000gn/T/blender_CrGhcB/usd_textures_tmp/ATPYSTQZbfGEtyr.jpg
TEX ltHQMONVWMBieXx.png [256, 256] /var/folders/fw/b5j0_z1919x381_z1h6hxmhh0000gn/T/blender_CrGhcB/usd_textures_tmp/ltHQMONVWMBieXx.png
TEX qmJNyraMVVwFRbW.png [256, 256] /var/folders/fw/b5j0_z1919x381_z1h6hxmhh0000gn/T/blender_CrGhcB/usd_textures_tmp/qmJNyraMVVwFRbW.png
TEX Render Result [0, 0] 
TEX rmwCficadfoNiXl.png [512, 512] /var/folders/fw/b5j0_z1919x381_z1h6hxmhh0000gn/T/blender_CrGhcB/usd_textures_tmp/rmwCficadfoNiXl.png
TEX Viewer Node [256, 256] 
TEX YppflPJppkbyyLM.jpg [512, 512] /var/folders/fw/b5j0_z1919x381_z1h6hxmhh0000gn/T/blender_CrGhcB/usd_textures_tmp/YppflPJppkbyyLM.jpg
Info: Saved as "mac-mini-official-inspection.blend"
Blender 5.1.2 (hash ec6e62d40fa9 built 2026-05-19 01:30:33)
USD import of '/Users/voidfun/Project/Fourier-Project/ad-apple/assets/official/mac-mini-silver.usdz' took 69.72 ms

Blender quit
