[aist#0:0/pcm_s16le @ 0xa28c14180] Guessed Channel Layout: stereo
Input #0, wav, from 'ad-apple/assets/audio/sfx-master.wav':
  Duration: 00:01:15.00, bitrate: 1536 kb/s
  Stream #0:0: Audio: pcm_s16le ([1][0][0][0] / 0x0001), 48000 Hz, stereo, s16, 1536 kb/s
Stream mapping:
  Stream #0:0 -> #0:0 (pcm_s16le (native) -> pcm_s16le (native))
Press [q] to stop, [?] for help
Output #0, null, to 'pipe:':
  Metadata:
    encoder         : Lavf62.12.102
  Stream #0:0: Audio: pcm_s16le, 192000 Hz, stereo, s16, 6144 kb/s
    Metadata:
      encoder         : Lavc62.28.102 pcm_s16le
size=N/A time=00:00:24.70 bitrate=N/A speed=48.9x elapsed=0:00:00.50    size=N/A time=00:00:49.90 bitrate=N/A speed=49.5x elapsed=0:00:01.00    [Parsed_loudnorm_0 @ 0xa28c44900] 
{
	"input_i" : "-19.94",
	"input_tp" : "-3.50",
	"input_lra" : "9.80",
	"input_thresh" : "-31.27",
	"output_i" : "-19.57",
	"output_tp" : "-3.24",
	"output_lra" : "9.20",
	"output_thresh" : "-30.85",
	"normalization_type" : "dynamic",
	"target_offset" : "-0.43"
}
[out#0/null @ 0xa28c44180] video:0KiB audio:56250KiB subtitle:0KiB other streams:0KiB global headers:0KiB muxing overhead: unknown
size=N/A time=00:01:15.00 bitrate=N/A speed=50.8x elapsed=0:00:01.47    
